// Jest Snapshot v1, https://goo.gl/fbAQLP

exports[`Part should parse empty part with meta data [pt_BR] 1`] = `
Object {
  "files": Array [
    "README.md",
  ],
  "log": Array [],
  "result": Object {
    "duration": 30,
    "format": "guided",
    "partDir": "00-part-pt",
    "title": "TÃ­tulo",
    "type": "seminar",
    "unitDir": "",
  },
}
`;
