// Jest Snapshot v1, https://goo.gl/fbAQLP

exports[`stats.computeCourseStats should compute course duration based on parts duration 1`] = `
Object {
  "duration": 20,
  "durationString": "20min",
  "exerciseCount": 0,
  "partCount": 3,
  "unitCount": 2,
}
`;
